Archive member included to satisfy reference by file (symbol)

c:/program files (x86)/atollic/truestudio for stm32 9.2.0/armtools/bin/../lib/gcc/arm-atollic-eabi/6.3.1/../../../../arm-atollic-eabi/lib/armv7e-m/fpu\libc_nano.a(lib_a-errno.o)
                              Src\syscalls.o (__errno)
c:/program files (x86)/atollic/truestudio for stm32 9.2.0/armtools/bin/../lib/gcc/arm-atollic-eabi/6.3.1/../../../../arm-atollic-eabi/lib/armv7e-m/fpu\libc_nano.a(lib_a-impure.o)
                              c:/program files (x86)/atollic/truestudio for stm32 9.2.0/armtools/bin/../lib/gcc/arm-atollic-eabi/6.3.1/../../../../arm-atollic-eabi/lib/armv7e-m/fpu\libc_nano.a(lib_a-errno.o) (_impure_ptr)
c:/program files (x86)/atollic/truestudio for stm32 9.2.0/armtools/bin/../lib/gcc/arm-atollic-eabi/6.3.1/../../../../arm-atollic-eabi/lib/armv7e-m/fpu\libc_nano.a(lib_a-init.o)
                              startup\startup_stm32f407xx.o (__libc_init_array)
c:/program files (x86)/atollic/truestudio for stm32 9.2.0/armtools/bin/../lib/gcc/arm-atollic-eabi/6.3.1/../../../../arm-atollic-eabi/lib/armv7e-m/fpu\libc_nano.a(lib_a-memcpy-stub.o)
                              Middlewares\Third_Party\FreeRTOS\Source\queue.o (memcpy)
c:/program files (x86)/atollic/truestudio for stm32 9.2.0/armtools/bin/../lib/gcc/arm-atollic-eabi/6.3.1/../../../../arm-atollic-eabi/lib/armv7e-m/fpu\libc_nano.a(lib_a-memset.o)
                              Middlewares\Third_Party\FreeRTOS\Source\stream_buffer.o (memset)
c:/program files (x86)/atollic/truestudio for stm32 9.2.0/armtools/bin/../lib/gcc/arm-atollic-eabi/6.3.1/armv7e-m/fpu\libgcc.a(_aeabi_uldivmod.o)
                              Drivers\STM32F4xx_HAL_Driver\Src\stm32f4xx_hal_rcc.o (__aeabi_uldivmod)
c:/program files (x86)/atollic/truestudio for stm32 9.2.0/armtools/bin/../lib/gcc/arm-atollic-eabi/6.3.1/armv7e-m/fpu\libgcc.a(_udivmoddi4.o)
                              c:/program files (x86)/atollic/truestudio for stm32 9.2.0/armtools/bin/../lib/gcc/arm-atollic-eabi/6.3.1/armv7e-m/fpu\libgcc.a(_aeabi_uldivmod.o) (__udivmoddi4)
c:/program files (x86)/atollic/truestudio for stm32 9.2.0/armtools/bin/../lib/gcc/arm-atollic-eabi/6.3.1/armv7e-m/fpu\libgcc.a(_dvmd_tls.o)
                              c:/program files (x86)/atollic/truestudio for stm32 9.2.0/armtools/bin/../lib/gcc/arm-atollic-eabi/6.3.1/armv7e-m/fpu\libgcc.a(_aeabi_uldivmod.o) (__aeabi_ldiv0)

Allocating common symbols
Common symbol       size              file

defaultTaskHandle   0x4               Src\main.o
uwTick              0x4               Drivers\STM32F4xx_HAL_Driver\Src\stm32f4xx_hal.o
xQueueRegistry      0x40              Middlewares\Third_Party\FreeRTOS\Source\queue.o
pFlash              0x20              Drivers\STM32F4xx_HAL_Driver\Src\stm32f4xx_hal_flash.o
Led01TaskHandle     0x4               Src\main.o
semaphore01Handle   0x4               Src\main.o
htim2               0x40              Src\stm32f4xx_hal_timebase_tim.o

Discarded input sections

 .text          0x00000000        0x0 c:/program files (x86)/atollic/truestudio for stm32 9.2.0/armtools/bin/../lib/gcc/arm-atollic-eabi/6.3.1/armv7e-m/fpu/crti.o
 .data          0x00000000        0x0 c:/program files (x86)/atollic/truestudio for stm32 9.2.0/armtools/bin/../lib/gcc/arm-atollic-eabi/6.3.1/armv7e-m/fpu/crti.o
 .bss           0x00000000        0x0 c:/program files (x86)/atollic/truestudio for stm32 9.2.0/armtools/bin/../lib/gcc/arm-atollic-eabi/6.3.1/armv7e-m/fpu/crti.o
 .data          0x00000000        0x4 c:/program files (x86)/atollic/truestudio for stm32 9.2.0/armtools/bin/../lib/gcc/arm-atollic-eabi/6.3.1/armv7e-m/fpu/crtbegin.o
 .text          0x00000000        0x0 Drivers\STM32F4xx_HAL_Driver\Src\stm32f4xx_hal.o
 .data          0x00000000        0x0 Drivers\STM32F4xx_HAL_Driver\Src\stm32f4xx_hal.o
 .bss           0x00000000        0x0 Drivers\STM32F4xx_HAL_Driver\Src\stm32f4xx_hal.o
 .text.HAL_MspInit
                0x00000000        0x2 Drivers\STM32F4xx_HAL_Driver\Src\stm32f4xx_hal.o
 .text.HAL_MspDeInit
                0x00000000        0x2 Drivers\STM32F4xx_HAL_Driver\Src\stm32f4xx_hal.o
 .text.HAL_DeInit
                0x00000000       0x2c Drivers\STM32F4xx_HAL_Driver\Src\stm32f4xx_hal.o
 .text.HAL_InitTick
                0x00000000       0x48 Drivers\STM32F4xx_HAL_Driver\Src\stm32f4xx_hal.o
 .text.HAL_GetTickPrio
                0x00000000        0xc Drivers\STM32F4xx_HAL_Driver\Src\stm32f4xx_hal.o
 .text.HAL_SetTickFreq
                0x00000000       0x24 Drivers\STM32F4xx_HAL_Driver\Src\stm32f4xx_hal.o
 .text.HAL_GetTickFreq
                0x00000000        0xc Drivers\STM32F4xx_HAL_Driver\Src\stm32f4xx_hal.o
 .text.HAL_Delay
                0x00000000       0x28 Drivers\STM32F4xx_HAL_Driver\Src\stm32f4xx_hal.o
 .text.HAL_SuspendTick
                0x00000000       0x10 Drivers\STM32F4xx_HAL_Driver\Src\stm32f4xx_hal.o
 .text.HAL_ResumeTick
                0x00000000       0x10 Drivers\STM32F4xx_HAL_Driver\Src\stm32f4xx_hal.o
[...]
Memory Configuration

Name             Origin             Length             Attributes
RAM              0x20000000         0x00020000         xrw
CCMRAM           0x10000000         0x00010000         rw
FLASH            0x08000000         0x00100000         xr
*default*        0x00000000         0xffffffff

Linker script and memory map

LOAD c:/program files (x86)/atollic/truestudio for stm32 9.2.0/armtools/bin/../lib/gcc/arm-atollic-eabi/6.3.1/armv7e-m/fpu/crti.o
LOAD c:/program files (x86)/atollic/truestudio for stm32 9.2.0/armtools/bin/../lib/gcc/arm-atollic-eabi/6.3.1/armv7e-m/fpu/crtbegin.o
LOAD Drivers\STM32F4xx_HAL_Driver\Src\stm32f4xx_hal.o
LOAD Drivers\STM32F4xx_HAL_Driver\Src\stm32f4xx_hal_cortex.o
LOAD Drivers\STM32F4xx_HAL_Driver\Src\stm32f4xx_hal_dma.o
LOAD Drivers\STM32F4xx_HAL_Driver\Src\stm32f4xx_hal_dma_ex.o
LOAD Drivers\STM32F4xx_HAL_Driver\Src\stm32f4xx_hal_exti.o
LOAD Drivers\STM32F4xx_HAL_Driver\Src\stm32f4xx_hal_flash.o
LOAD Drivers\STM32F4xx_HAL_Driver\Src\stm32f4xx_hal_flash_ex.o
LOAD Drivers\STM32F4xx_HAL_Driver\Src\stm32f4xx_hal_flash_ramfunc.o
LOAD Drivers\STM32F4xx_HAL_Driver\Src\stm32f4xx_hal_gpio.o
LOAD Drivers\STM32F4xx_HAL_Driver\Src\stm32f4xx_hal_pwr.o
LOAD Drivers\STM32F4xx_HAL_Driver\Src\stm32f4xx_hal_pwr_ex.o
LOAD Drivers\STM32F4xx_HAL_Driver\Src\stm32f4xx_hal_rcc.o
LOAD Drivers\STM32F4xx_HAL_Driver\Src\stm32f4xx_hal_rcc_ex.o
LOAD Drivers\STM32F4xx_HAL_Driver\Src\stm32f4xx_hal_tim.o
LOAD Drivers\STM32F4xx_HAL_Driver\Src\stm32f4xx_hal_tim_ex.o
LOAD Middlewares\Third_Party\FreeRTOS\Source\CMSIS_RTOS\cmsis_os.o
LOAD Middlewares\Third_Party\FreeRTOS\Source\croutine.o
LOAD Middlewares\Third_Party\FreeRTOS\Source\event_groups.o
LOAD Middlewares\Third_Party\FreeRTOS\Source\list.o
LOAD Middlewares\Third_Party\FreeRTOS\Source\portable\GCC\ARM_CM4F\port.o
LOAD Middlewares\Third_Party\FreeRTOS\Source\portable\MemMang\heap_4.o
LOAD Middlewares\Third_Party\FreeRTOS\Source\queue.o
LOAD Middlewares\Third_Party\FreeRTOS\Source\stream_buffer.o
LOAD Middlewares\Third_Party\FreeRTOS\Source\tasks.o
LOAD Middlewares\Third_Party\FreeRTOS\Source\timers.o
LOAD Src\freertos.o
LOAD Src\main.o
LOAD Src\stm32f4xx_hal_msp.o
LOAD Src\stm32f4xx_hal_timebase_tim.o
LOAD Src\stm32f4xx_it.o
LOAD Src\syscalls.o
LOAD Src\system_stm32f4xx.o
LOAD startup\startup_stm32f407xx.o
                0x00000080                malloc_getpagesize_P = 0x80
START GROUP
LOAD c:/program files (x86)/atollic/truestudio for stm32 9.2.0/armtools/bin/../lib/gcc/arm-atollic-eabi/6.3.1/../../../../arm-atollic-eabi/lib/armv7e-m/fpu\libc_nano.a
LOAD c:/program files (x86)/atollic/truestudio for stm32 9.2.0/armtools/bin/../lib/gcc/arm-atollic-eabi/6.3.1/../../../../arm-atollic-eabi/lib/armv7e-m/fpu\libm.a
END GROUP
START GROUP
LOAD c:/program files (x86)/atollic/truestudio for stm32 9.2.0/armtools/bin/../lib/gcc/arm-atollic-eabi/6.3.1/armv7e-m/fpu\libgcc.a
LOAD c:/program files (x86)/atollic/truestudio for stm32 9.2.0/armtools/bin/../lib/gcc/arm-atollic-eabi/6.3.1/../../../../arm-atollic-eabi/lib/armv7e-m/fpu\libc_nano.a
END GROUP
START GROUP
LOAD c:/program files (x86)/atollic/truestudio for stm32 9.2.0/armtools/bin/../lib/gcc/arm-atollic-eabi/6.3.1/armv7e-m/fpu\libgcc.a
LOAD c:/program files (x86)/atollic/truestudio for stm32 9.2.0/armtools/bin/../lib/gcc/arm-atollic-eabi/6.3.1/../../../../arm-atollic-eabi/lib/armv7e-m/fpu\libc_nano.a
LOAD c:/program files (x86)/atollic/truestudio for stm32 9.2.0/armtools/bin/../lib/gcc/arm-atollic-eabi/6.3.1/../../../../arm-atollic-eabi/lib/armv7e-m/fpu\libnosys.a
END GROUP
START GROUP
LOAD c:/program files (x86)/atollic/truestudio for stm32 9.2.0/armtools/bin/../lib/gcc/arm-atollic-eabi/6.3.1/armv7e-m/fpu\libgcc.a
LOAD c:/program files (x86)/atollic/truestudio for stm32 9.2.0/armtools/bin/../lib/gcc/arm-atollic-eabi/6.3.1/../../../../arm-atollic-eabi/lib/armv7e-m/fpu\libc_nano.a
LOAD c:/program files (x86)/atollic/truestudio for stm32 9.2.0/armtools/bin/../lib/gcc/arm-atollic-eabi/6.3.1/../../../../arm-atollic-eabi/lib/armv7e-m/fpu\libnosys.a
END GROUP
LOAD c:/program files (x86)/atollic/truestudio for stm32 9.2.0/armtools/bin/../lib/gcc/arm-atollic-eabi/6.3.1/armv7e-m/fpu/crtend.o
LOAD c:/program files (x86)/atollic/truestudio for stm32 9.2.0/armtools/bin/../lib/gcc/arm-atollic-eabi/6.3.1/armv7e-m/fpu/crtn.o
                0x20020000                _estack = 0x20020000
                0x00000200                _Min_Heap_Size = 0x200
                0x00000400                _Min_Stack_Size = 0x400

.isr_vector     0x08000000      0x188
                0x08000000                . = ALIGN (0x4)
 *(.isr_vector)
 .isr_vector    0x08000000      0x188 startup\startup_stm32f407xx.o
                0x08000000                g_pfnVectors
                0x08000188                . = ALIGN (0x4)

.text           0x08000190     0x2a50
                0x08000190                . = ALIGN (0x4)
 *(.text)
 .text          0x08000190       0x40 c:/program files (x86)/atollic/truestudio for stm32 9.2.0/armtools/bin/../lib/gcc/arm-atollic-eabi/6.3.1/armv7e-m/fpu/crtbegin.o
 .text          0x080001d0       0x30 c:/program files (x86)/atollic/truestudio for stm32 9.2.0/armtools/bin/../lib/gcc/arm-atollic-eabi/6.3.1/armv7e-m/fpu\libgcc.a(_aeabi_uldivmod.o)
                0x080001d0                __aeabi_uldivmod
 .text          0x08000200      0x2dc c:/program files (x86)/atollic/truestudio for stm32 9.2.0/armtools/bin/../lib/gcc/arm-atollic-eabi/6.3.1/armv7e-m/fpu\libgcc.a(_udivmoddi4.o)
                0x08000200                __udivmoddi4
 .text          0x080004dc        0x4 c:/program files (x86)/atollic/truestudio for stm32 9.2.0/armtools/bin/../lib/gcc/arm-atollic-eabi/6.3.1/armv7e-m/fpu\libgcc.a(_dvmd_tls.o)
                0x080004dc                __aeabi_idiv0
                0x080004dc                __aeabi_ldiv0
 *(.text*)
 .text.HAL_Init
                0x080004e0       0x34 Drivers\STM32F4xx_HAL_Driver\Src\stm32f4xx_hal.o
                0x080004e0                HAL_Init
 .text.HAL_IncTick
                0x08000514       0x18 Drivers\STM32F4xx_HAL_Driver\Src\stm32f4xx_hal.o
                0x08000514                HAL_IncTick
 .text.HAL_GetTick
                0x0800052c        0xc Drivers\STM32F4xx_HAL_Driver\Src\stm32f4xx_hal.o
                0x0800052c                HAL_GetTick
 .text.HAL_NVIC_SetPriorityGrouping
                0x08000538       0x24 Drivers\STM32F4xx_HAL_Driver\Src\stm32f4xx_hal_cortex.o
                0x08000538                HAL_NVIC_SetPriorityGrouping
 .text.HAL_NVIC_SetPriority
                0x0800055c       0x68 Drivers\STM32F4xx_HAL_Driver\Src\stm32f4xx_hal_cortex.o
                0x0800055c                HAL_NVIC_SetPriority
 .text.HAL_NVIC_EnableIRQ
                0x080005c4       0x1c Drivers\STM32F4xx_HAL_Driver\Src\stm32f4xx_hal_cortex.o
                0x080005c4                HAL_NVIC_EnableIRQ
 .text.HAL_GPIO_Init
                0x080005e0      0x1c0 Drivers\STM32F4xx_HAL_Driver\Src\stm32f4xx_hal_gpio.o
                0x080005e0                HAL_GPIO_Init
 .text.HAL_GPIO_WritePin
                0x080007a0        0xa Drivers\STM32F4xx_HAL_Driver\Src\stm32f4xx_hal_gpio.o
                0x080007a0                HAL_GPIO_WritePin
 .text.HAL_GPIO_TogglePin
                0x080007aa        0xe Drivers\STM32F4xx_HAL_Driver\Src\stm32f4xx_hal_gpio.o
                0x080007aa                HAL_GPIO_TogglePin
 .text.HAL_GPIO_EXTI_IRQHandler
                0x080007b8       0x18 Drivers\STM32F4xx_HAL_Driver\Src\stm32f4xx_hal_gpio.o
                0x080007b8                HAL_GPIO_EXTI_IRQHandler
 .text.HAL_RCC_OscConfig
                0x080007d0      0x304 Drivers\STM32F4xx_HAL_Driver\Src\stm32f4xx_hal_rcc.o
                0x080007d0                HAL_RCC_OscConfig
 .text.HAL_RCC_GetSysClockFreq
                0x08000ad4       0x5c Drivers\STM32F4xx_HAL_Driver\Src\stm32f4xx_hal_rcc.o
                0x08000ad4                HAL_RCC_GetSysClockFreq
 .text.HAL_RCC_ClockConfig
                0x08000b30      0x134 Drivers\STM32F4xx_HAL_Driver\Src\stm32f4xx_hal_rcc.o
                0x08000b30                HAL_RCC_ClockConfig
 .text.HAL_RCC_GetPCLK1Freq
                0x08000c64       0x20 Drivers\STM32F4xx_HAL_Driver\Src\stm32f4xx_hal_rcc.o
                0x08000c64                HAL_RCC_GetPCLK1Freq
 .text.HAL_RCC_GetClockConfig
                0x08000c84       0x3c Drivers\STM32F4xx_HAL_Driver\Src\stm32f4xx_hal_rcc.o
                0x08000c84                HAL_RCC_GetClockConfig
 .text.HAL_TIM_Base_MspInit
                0x08000cc0        0x2 Drivers\STM32F4xx_HAL_Driver\Src\stm32f4xx_hal_tim.o
                0x08000cc0                HAL_TIM_Base_MspInit
 .text.HAL_TIM_Base_Start_IT
                0x08000cc2       0x20 Drivers\STM32F4xx_HAL_Driver\Src\stm32f4xx_hal_tim.o
                0x08000cc2                HAL_TIM_Base_Start_IT
 .text.HAL_TIM_OC_DelayElapsedCallback
                0x08000ce2        0x2 Drivers\STM32F4xx_HAL_Driver\Src\stm32f4xx_hal_tim.o
                0x08000ce2                HAL_TIM_OC_DelayElapsedCallback
 .text.HAL_TIM_IC_CaptureCallback
                0x08000ce4        0x2 Drivers\STM32F4xx_HAL_Driver\Src\stm32f4xx_hal_tim.o
                0x08000ce4                HAL_TIM_IC_CaptureCallback
 .text.HAL_TIM_PWM_PulseFinishedCallback
                0x08000ce6        0x2 Drivers\STM32F4xx_HAL_Driver\Src\stm32f4xx_hal_tim.o
                0x08000ce6                HAL_TIM_PWM_PulseFinishedCallback
 .text.HAL_TIM_TriggerCallback
                0x08000ce8        0x2 Drivers\STM32F4xx_HAL_Driver\Src\stm32f4xx_hal_tim.o
                0x08000ce8                HAL_TIM_TriggerCallback
 .text.HAL_TIM_IRQHandler
                0x08000cea      0x144 Drivers\STM32F4xx_HAL_Driver\Src\stm32f4xx_hal_tim.o
                0x08000cea                HAL_TIM_IRQHandler
 *fill*         0x08000e2e        0x2 
 .text.TIM_Base_SetConfig
                0x08000e30       0xcc Drivers\STM32F4xx_HAL_Driver\Src\stm32f4xx_hal_tim.o
                0x08000e30                TIM_Base_SetConfig
 .text.HAL_TIM_Base_Init
                0x08000efc       0x34 Drivers\STM32F4xx_HAL_Driver\Src\stm32f4xx_hal_tim.o
                0x08000efc                HAL_TIM_Base_Init
 .text.HAL_TIMEx_CommutCallback
                0x08000f30        0x2 Drivers\STM32F4xx_HAL_Driver\Src\stm32f4xx_hal_tim_ex.o
                0x08000f30                HAL_TIMEx_CommutCallback
 .text.HAL_TIMEx_BreakCallback
                0x08000f32        0x2 Drivers\STM32F4xx_HAL_Driver\Src\stm32f4xx_hal_tim_ex.o
                0x08000f32                HAL_TIMEx_BreakCallback
 .text.osKernelStart
                0x08000f34        0xa Middlewares\Third_Party\FreeRTOS\Source\CMSIS_RTOS\cmsis_os.o
                0x08000f34                osKernelStart
 .text.osThreadCreate
                0x08000f3e       0x30 Middlewares\Third_Party\FreeRTOS\Source\CMSIS_RTOS\cmsis_os.o
                0x08000f3e                osThreadCreate
 .text.osSemaphoreCreate
                0x08000f6e       0x26 Middlewares\Third_Party\FreeRTOS\Source\CMSIS_RTOS\cmsis_os.o
                0x08000f6e                osSemaphoreCreate
 .text.osSemaphoreWait
                0x08000f94       0x4c Middlewares\Third_Party\FreeRTOS\Source\CMSIS_RTOS\cmsis_os.o
                0x08000f94                osSemaphoreWait
 .text.osSemaphoreRelease
                0x08000fe0       0x48 Middlewares\Third_Party\FreeRTOS\Source\CMSIS_RTOS\cmsis_os.o
                0x08000fe0                osSemaphoreRelease
 .text.osThreadSuspend
                0x08001028        0xa Middlewares\Third_Party\FreeRTOS\Source\CMSIS_RTOS\cmsis_os.o
                0x08001028                osThreadSuspend
 *fill*         0x08001032        0x2 
 .text.osThreadResume
                0x08001034       0x30 Middlewares\Third_Party\FreeRTOS\Source\CMSIS_RTOS\cmsis_os.o
                0x08001034                osThreadResume
 .text.vListInitialise
                0x08001064       0x16 Middlewares\Third_Party\FreeRTOS\Source\list.o
                0x08001064                vListInitialise
 .text.vListInitialiseItem
                0x0800107a        0x6 Middlewares\Third_Party\FreeRTOS\Source\list.o
                0x0800107a                vListInitialiseItem
 .text.vListInsertEnd
                0x08001080       0x18 Middlewares\Third_Party\FreeRTOS\Source\list.o
                0x08001080                vListInsertEnd
 .text.vListInsert
                0x08001098       0x2e Middlewares\Third_Party\FreeRTOS\Source\list.o
                0x08001098                vListInsert
 .text.uxListRemove
                0x080010c6       0x22 Middlewares\Third_Party\FreeRTOS\Source\list.o
                0x080010c6                uxListRemove
 .text.prvTaskExitError
                0x080010e8       0x40 Middlewares\Third_Party\FreeRTOS\Source\portable\GCC\ARM_CM4F\port.o
 .text.unlikely.prvPortStartFirstTask
                0x08001128       0x28 Middlewares\Third_Party\FreeRTOS\Source\portable\GCC\ARM_CM4F\port.o
 .text.unlikely.vPortEnableVFP
                0x08001150       0x14 Middlewares\Third_Party\FreeRTOS\Source\portable\GCC\ARM_CM4F\port.o
 .text.pxPortInitialiseStack
                0x08001164       0x2c Middlewares\Third_Party\FreeRTOS\Source\portable\GCC\ARM_CM4F\port.o
                0x08001164                pxPortInitialiseStack
 .text.SVC_Handler
                0x08001190       0x24 Middlewares\Third_Party\FreeRTOS\Source\portable\GCC\ARM_CM4F\port.o
                0x08001190                SVC_Handler
 .text.vPortEnterCritical
                0x080011b4       0x44 Middlewares\Third_Party\FreeRTOS\Source\portable\GCC\ARM_CM4F\port.o
                0x080011b4                vPortEnterCritical
 .text.vPortExitCritical
                0x080011f8       0x28 Middlewares\Third_Party\FreeRTOS\Source\portable\GCC\ARM_CM4F\port.o
                0x080011f8                vPortExitCritical
 .text.PendSV_Handler
                0x08001220       0x64 Middlewares\Third_Party\FreeRTOS\Source\portable\GCC\ARM_CM4F\port.o
                0x08001220                PendSV_Handler
 .text.SysTick_Handler
                0x08001284       0x2c Middlewares\Third_Party\FreeRTOS\Source\portable\GCC\ARM_CM4F\port.o
                0x08001284                SysTick_Handler
 .text.vPortSetupTimerInterrupt
                0x080012b0       0x34 Middlewares\Third_Party\FreeRTOS\Source\portable\GCC\ARM_CM4F\port.o
                0x080012b0                vPortSetupTimerInterrupt
 .text.xPortStartScheduler
                0x080012e4      0x10c Middlewares\Third_Party\FreeRTOS\Source\portable\GCC\ARM_CM4F\port.o
                0x080012e4                xPortStartScheduler
 .text.vPortValidateInterruptPriority
                0x080013f0       0x5c Middlewares\Third_Party\FreeRTOS\Source\portable\GCC\ARM_CM4F\port.o
                0x080013f0                vPortValidateInterruptPriority
 .text.unlikely.prvInsertBlockIntoFreeList
                0x0800144c       0x48 Middlewares\Third_Party\FreeRTOS\Source\portable\MemMang\heap_4.o
 .text.pvPortMalloc
                0x08001494      0x11c Middlewares\Third_Party\FreeRTOS\Source\portable\MemMang\heap_4.o
                0x08001494                pvPortMalloc
 .text.vPortFree
                0x080015b0       0x70 Middlewares\Third_Party\FreeRTOS\Source\portable\MemMang\heap_4.o
                0x080015b0                vPortFree
 .text.prvIsQueueEmpty
                0x08001620       0x16 Middlewares\Third_Party\FreeRTOS\Source\queue.o
 .text.unlikely.prvCopyDataToQueue
                0x08001636       0x66 Middlewares\Third_Party\FreeRTOS\Source\queue.o
 .text.unlikely.prvCopyDataFromQueue
                0x0800169c       0x2a Middlewares\Third_Party\FreeRTOS\Source\queue.o
 .text.prvUnlockQueue
                0x080016c6       0x70 Middlewares\Third_Party\FreeRTOS\Source\queue.o
 *fill*         0x08001736        0x2 
 .text.xQueueGenericReset
                0x08001738       0x80 Middlewares\Third_Party\FreeRTOS\Source\queue.o
                0x08001738                xQueueGenericReset
 .text.xQueueGenericCreate
                0x080017b8       0x42 Middlewares\Third_Party\FreeRTOS\Source\queue.o
                0x080017b8                xQueueGenericCreate
 *fill*         0x080017fa        0x2 
 .text.xQueueGenericSend
                0x080017fc      0x16c Middlewares\Third_Party\FreeRTOS\Source\queue.o
                0x080017fc                xQueueGenericSend
 .text.xQueueGiveFromISR
                0x08001968       0xa8 Middlewares\Third_Party\FreeRTOS\Source\queue.o
                0x08001968                xQueueGiveFromISR
 .text.xQueueSemaphoreTake
                0x08001a10      0x180 Middlewares\Third_Party\FreeRTOS\Source\queue.o
                0x08001a10                xQueueSemaphoreTake
 .text.xQueueReceiveFromISR
                0x08001b90       0xa0 Middlewares\Third_Party\FreeRTOS\Source\queue.o
                0x08001b90                xQueueReceiveFromISR
 .text.prvTaskIsTaskSuspended
                0x08001c30       0x38 Middlewares\Third_Party\FreeRTOS\Source\tasks.o
 .text.prvResetNextTaskUnblockTime
                0x08001c68       0x24 Middlewares\Third_Party\FreeRTOS\Source\tasks.o
 .text.prvAddCurrentTaskToDelayedList
                0x08001c8c       0x8c Middlewares\Third_Party\FreeRTOS\Source\tasks.o
 .text.prvIdleTask
                0x08001d18       0x6c Middlewares\Third_Party\FreeRTOS\Source\tasks.o
 .text.xTaskCreate
                0x08001d84      0x1a0 Middlewares\Third_Party\FreeRTOS\Source\tasks.o
                0x08001d84                xTaskCreate
 .text.vTaskResume
                0x08001f24       0x84 Middlewares\Third_Party\FreeRTOS\Source\tasks.o
                0x08001f24                vTaskResume
 .text.xTaskResumeFromISR
                0x08001fa8       0xa0 Middlewares\Third_Party\FreeRTOS\Source\tasks.o
                0x08001fa8                xTaskResumeFromISR
 .text.vTaskStartScheduler
                0x08002048       0x78 Middlewares\Third_Party\FreeRTOS\Source\tasks.o
                0x08002048                vTaskStartScheduler
 .text.vTaskSuspendAll
                0x080020c0       0x10 Middlewares\Third_Party\FreeRTOS\Source\tasks.o
                0x080020c0                vTaskSuspendAll
 .text.xTaskIncrementTick
                0x080020d0      0x124 Middlewares\Third_Party\FreeRTOS\Source\tasks.o
                0x080020d0                xTaskIncrementTick
 .text.xTaskResumeAll
                0x080021f4       0xf0 Middlewares\Third_Party\FreeRTOS\Source\tasks.o
                0x080021f4                xTaskResumeAll
 .text.vTaskSwitchContext
                0x080022e4       0x74 Middlewares\Third_Party\FreeRTOS\Source\tasks.o
                0x080022e4                vTaskSwitchContext
 .text.vTaskSuspend
                0x08002358       0xd8 Middlewares\Third_Party\FreeRTOS\Source\tasks.o
                0x08002358                vTaskSuspend
 .text.vTaskPlaceOnEventList
                0x08002430       0x34 Middlewares\Third_Party\FreeRTOS\Source\tasks.o
                0x08002430                vTaskPlaceOnEventList
 .text.xTaskRemoveFromEventList
                0x08002464       0x84 Middlewares\Third_Party\FreeRTOS\Source\tasks.o
                0x08002464                xTaskRemoveFromEventList
 .text.vTaskInternalSetTimeOutState
                0x080024e8       0x18 Middlewares\Third_Party\FreeRTOS\Source\tasks.o
                0x080024e8                vTaskInternalSetTimeOutState
 .text.xTaskCheckForTimeOut
                0x08002500       0x78 Middlewares\Third_Party\FreeRTOS\Source\tasks.o
                0x08002500                xTaskCheckForTimeOut
 .text.vTaskMissedYield
                0x08002578        0xc Middlewares\Third_Party\FreeRTOS\Source\tasks.o
                0x08002578                vTaskMissedYield
 .text.xTaskGetSchedulerState
                0x08002584       0x20 Middlewares\Third_Party\FreeRTOS\Source\tasks.o
                0x08002584                xTaskGetSchedulerState
 .text.xTaskPriorityInherit
                0x080025a4       0xa8 Middlewares\Third_Party\FreeRTOS\Source\tasks.o
                0x080025a4                xTaskPriorityInherit
 .text.xTaskPriorityDisinherit
                0x0800264c       0xa0 Middlewares\Third_Party\FreeRTOS\Source\tasks.o
                0x0800264c                xTaskPriorityDisinherit
 .text.vTaskPriorityDisinheritAfterTimeout
                0x080026ec       0xb4 Middlewares\Third_Party\FreeRTOS\Source\tasks.o
                0x080026ec                vTaskPriorityDisinheritAfterTimeout
 .text.pvTaskIncrementMutexHeldCount
                0x080027a0       0x18 Middlewares\Third_Party\FreeRTOS\Source\tasks.o
                0x080027a0                pvTaskIncrementMutexHeldCount
 .text.StartDefaultTask
                0x080027b8       0x24 Src\main.o
                0x080027b8                StartDefaultTask
 .text.vLed01Task
                0x080027dc       0x40 Src\main.o
                0x080027dc                vLed01Task
 .text.SystemClock_Config
                0x0800281c       0x94 Src\main.o
                0x0800281c                SystemClock_Config
 .text.startup.main
                0x080028b0       0xec Src\main.o
                0x080028b0                main
 .text.HAL_GPIO_EXTI_Callback
                0x0800299c       0x20 Src\main.o
                0x0800299c                HAL_GPIO_EXTI_Callback
 .text.HAL_TIM_PeriodElapsedCallback
                0x080029bc        0xe Src\main.o
                0x080029bc                HAL_TIM_PeriodElapsedCallback
 *fill*         0x080029ca        0x2 
 .text.HAL_MspInit
                0x080029cc       0x54 Src\stm32f4xx_hal_msp.o
                0x080029cc                HAL_MspInit
 .text.HAL_InitTick
                0x08002a20       0x78 Src\stm32f4xx_hal_timebase_tim.o
                0x08002a20                HAL_InitTick
 .text.NMI_Handler
                0x08002a98        0x2 Src\stm32f4xx_it.o
                0x08002a98                NMI_Handler
 .text.HardFault_Handler
                0x08002a9a        0x2 Src\stm32f4xx_it.o
                0x08002a9a                HardFault_Handler
 .text.MemManage_Handler
                0x08002a9c        0x2 Src\stm32f4xx_it.o
                0x08002a9c                MemManage_Handler
 .text.BusFault_Handler
                0x08002a9e        0x2 Src\stm32f4xx_it.o
                0x08002a9e                BusFault_Handler
 .text.UsageFault_Handler
                0x08002aa0        0x2 Src\stm32f4xx_it.o
                0x08002aa0                UsageFault_Handler
 .text.DebugMon_Handler
                0x08002aa2        0x2 Src\stm32f4xx_it.o
                0x08002aa2                DebugMon_Handler
 .text.RCC_IRQHandler
                0x08002aa4        0x2 Src\stm32f4xx_it.o
                0x08002aa4                RCC_IRQHandler
 .text.EXTI0_IRQHandler
                0x08002aa6        0x6 Src\stm32f4xx_it.o
                0x08002aa6                EXTI0_IRQHandler
 .text.TIM2_IRQHandler
                0x08002aac        0xc Src\stm32f4xx_it.o
                0x08002aac                TIM2_IRQHandler
 .text.SystemInit
                0x08002ab8       0x4c Src\system_stm32f4xx.o
                0x08002ab8                SystemInit
 .text.Reset_Handler
                0x08002b04       0x50 startup\startup_stm32f407xx.o
                0x08002b04                Reset_Handler
 .text.Default_Handler
                0x08002b54        0x2 startup\startup_stm32f407xx.o
                0x08002b54                RTC_Alarm_IRQHandler
                0x08002b54                HASH_RNG_IRQHandler
                0x08002b54                EXTI2_IRQHandler
                0x08002b54                TIM8_CC_IRQHandler
                0x08002b54                TIM1_CC_IRQHandler
                0x08002b54                DMA2_Stream5_IRQHandler
                0x08002b54                DMA1_Stream5_IRQHandler
                0x08002b54                PVD_IRQHandler
                0x08002b54                SDIO_IRQHandler
                0x08002b54                TAMP_STAMP_IRQHandler
                0x08002b54                CAN2_RX1_IRQHandler
                0x08002b54                EXTI3_IRQHandler
                0x08002b54                TIM8_TRG_COM_TIM14_IRQHandler
                0x08002b54                TIM1_UP_TIM10_IRQHandler
                0x08002b54                TIM8_UP_TIM13_IRQHandler
                0x08002b54                I2C3_ER_IRQHandler
                0x08002b54                I2C2_EV_IRQHandler
                0x08002b54                DMA1_Stream2_IRQHandler
                0x08002b54                CAN1_RX0_IRQHandler
                0x08002b54                FPU_IRQHandler
                0x08002b54                OTG_HS_WKUP_IRQHandler
                0x08002b54                CAN2_SCE_IRQHandler
                0x08002b54                DMA2_Stream2_IRQHandler
                0x08002b54                SPI1_IRQHandler
                0x08002b54                TIM6_DAC_IRQHandler
                0x08002b54                TIM1_BRK_TIM9_IRQHandler
                0x08002b54                DCMI_IRQHandler
                0x08002b54                CAN2_RX0_IRQHandler
                0x08002b54                DMA2_Stream3_IRQHandler
                0x08002b54                USART6_IRQHandler
                0x08002b54                USART3_IRQHandler
                0x08002b54                CAN1_RX1_IRQHandler
                0x08002b54                UART5_IRQHandler
                0x08002b54                DMA2_Stream0_IRQHandler
                0x08002b54                TIM4_IRQHandler
                0x08002b54                I2C1_EV_IRQHandler
                0x08002b54                DMA1_Stream6_IRQHandler
                0x08002b54                DMA1_Stream1_IRQHandler
                0x08002b54                UART4_IRQHandler
                0x08002b54                TIM3_IRQHandler
                0x08002b54                TIM8_BRK_TIM12_IRQHandler
                0x08002b54                Default_Handler
                0x08002b54                EXTI15_10_IRQHandler
                0x08002b54                ADC_IRQHandler
                0x08002b54                DMA1_Stream7_IRQHandler
                0x08002b54                TIM7_IRQHandler
                0x08002b54                CAN2_TX_IRQHandler
                0x08002b54                TIM5_IRQHandler
                0x08002b54                DMA2_Stream7_IRQHandler
                0x08002b54                I2C3_EV_IRQHandler
                0x08002b54                EXTI9_5_IRQHandler
                0x08002b54                RTC_WKUP_IRQHandler
                0x08002b54                ETH_WKUP_IRQHandler
                0x08002b54                SPI2_IRQHandler
                0x08002b54                OTG_HS_EP1_IN_IRQHandler
                0x08002b54                DMA1_Stream0_IRQHandler
                0x08002b54                CAN1_TX_IRQHandler
                0x08002b54                EXTI4_IRQHandler
                0x08002b54                FSMC_IRQHandler
                0x08002b54                ETH_IRQHandler
                0x08002b54                OTG_HS_EP1_OUT_IRQHandler
                0x08002b54                WWDG_IRQHandler
                0x08002b54                OTG_FS_WKUP_IRQHandler
                0x08002b54                TIM1_TRG_COM_TIM11_IRQHandler
                0x08002b54                OTG_HS_IRQHandler
                0x08002b54                EXTI1_IRQHandler
                0x08002b54                USART2_IRQHandler
                0x08002b54                I2C2_ER_IRQHandler
                0x08002b54                DMA2_Stream1_IRQHandler
                0x08002b54                CAN1_SCE_IRQHandler
                0x08002b54                FLASH_IRQHandler
                0x08002b54                DMA2_Stream4_IRQHandler
                0x08002b54                USART1_IRQHandler
                0x08002b54                OTG_FS_IRQHandler
                0x08002b54                SPI3_IRQHandler
                0x08002b54                DMA1_Stream4_IRQHandler
                0x08002b54                I2C1_ER_IRQHandler
                0x08002b54                DMA2_Stream6_IRQHandler
                0x08002b54                DMA1_Stream3_IRQHandler
 *fill*         0x08002b56        0x2 
 .text.__libc_init_array
                0x08002b58       0x48 c:/program files (x86)/atollic/truestudio for stm32 9.2.0/armtools/bin/../lib/gcc/arm-atollic-eabi/6.3.1/../../../../arm-atollic-eabi/lib/armv7e-m/fpu\libc_nano.a(lib_a-init.o)
                0x08002b58                __libc_init_array
 .text.memcpy   0x08002ba0       0x16 c:/program files (x86)/atollic/truestudio for stm32 9.2.0/armtools/bin/../lib/gcc/arm-atollic-eabi/6.3.1/../../../../arm-atollic-eabi/lib/armv7e-m/fpu\libc_nano.a(lib_a-memcpy-stub.o)
                0x08002ba0                memcpy
 .text.memset   0x08002bb6       0x10 c:/program files (x86)/atollic/truestudio for stm32 9.2.0/armtools/bin/../lib/gcc/arm-atollic-eabi/6.3.1/../../../../arm-atollic-eabi/lib/armv7e-m/fpu\libc_nano.a(lib_a-memset.o)
                0x08002bb6                memset
 *(.glue_7)
 .glue_7        0x08002bc6        0x0 linker stubs
 *(.glue_7t)
 .glue_7t       0x08002bc6        0x0 linker stubs
 *(.eh_frame)
 *fill*         0x08002bc6        0x2 
 .eh_frame      0x08002bc8        0x0 c:/program files (x86)/atollic/truestudio for stm32 9.2.0/armtools/bin/../lib/gcc/arm-atollic-eabi/6.3.1/armv7e-m/fpu/crtbegin.o
 *(.init)
 .init          0x08002bc8        0x4 c:/program files (x86)/atollic/truestudio for stm32 9.2.0/armtools/bin/../lib/gcc/arm-atollic-eabi/6.3.1/armv7e-m/fpu/crti.o
                0x08002bc8                _init
 .init          0x08002bcc        0x8 c:/program files (x86)/atollic/truestudio for stm32 9.2.0/armtools/bin/../lib/gcc/arm-atollic-eabi/6.3.1/armv7e-m/fpu/crtn.o
 *(.fini)
 .fini          0x08002bd4        0x4 c:/program files (x86)/atollic/truestudio for stm32 9.2.0/armtools/bin/../lib/gcc/arm-atollic-eabi/6.3.1/armv7e-m/fpu/crti.o
                0x08002bd4                _fini
 .fini          0x08002bd8        0x8 c:/program files (x86)/atollic/truestudio for stm32 9.2.0/armtools/bin/../lib/gcc/arm-atollic-eabi/6.3.1/armv7e-m/fpu/crtn.o
                0x08002be0                . = ALIGN (0x4)
                0x08002be0                _etext = .

.vfp11_veneer   0x08002be0        0x0
 .vfp11_veneer  0x08002be0        0x0 linker stubs

.v4_bx          0x08002be0        0x0
 .v4_bx         0x08002be0        0x0 linker stubs

.iplt           0x08002be0        0x0
 .iplt          0x08002be0        0x0 c:/program files (x86)/atollic/truestudio for stm32 9.2.0/armtools/bin/../lib/gcc/arm-atollic-eabi/6.3.1/armv7e-m/fpu/crtbegin.o

.rodata         0x08002be0       0x5c
                0x08002be0                . = ALIGN (0x4)
 *(.rodata)
 .rodata        0x08002be0       0x28 Src\main.o
 *(.rodata*)
 .rodata.vTaskStartScheduler.str1.1
                0x08002c08        0x5 Middlewares\Third_Party\FreeRTOS\Source\tasks.o
 .rodata.str1.1
                0x08002c0d       0x16 Src\main.o
 .rodata.AHBPrescTable
                0x08002c23       0x10 Src\system_stm32f4xx.o
                0x08002c23                AHBPrescTable
 .rodata.APBPrescTable
                0x08002c33        0x8 Src\system_stm32f4xx.o
                0x08002c33                APBPrescTable
                0x08002c3c                . = ALIGN (0x4)
 *fill*         0x08002c3b        0x1 

.ARM.extab
 *(.ARM.extab* .gnu.linkonce.armextab.*)

.ARM            0x08002c3c        0x8
                0x08002c3c                __exidx_start = .
 *(.ARM.exidx*)
 .ARM.exidx     0x08002c3c        0x8 c:/program files (x86)/atollic/truestudio for stm32 9.2.0/armtools/bin/../lib/gcc/arm-atollic-eabi/6.3.1/armv7e-m/fpu\libgcc.a(_udivmoddi4.o)
                0x08002c44                __exidx_end = .

.rel.dyn        0x08002c44        0x0
 .rel.iplt      0x08002c44        0x0 c:/program files (x86)/atollic/truestudio for stm32 9.2.0/armtools/bin/../lib/gcc/arm-atollic-eabi/6.3.1/armv7e-m/fpu/crtbegin.o

.preinit_array  0x08002c44        0x0
                0x08002c44                PROVIDE (__preinit_array_start, .)
 *(.preinit_array*)
                0x08002c44                PROVIDE (__preinit_array_end, .)

.init_array     0x08002c44        0x4
                0x08002c44                PROVIDE (__init_array_start, .)
 *(SORT(.init_array.*))
 *(.init_array*)
 .init_array    0x08002c44        0x4 c:/program files (x86)/atollic/truestudio for stm32 9.2.0/armtools/bin/../lib/gcc/arm-atollic-eabi/6.3.1/armv7e-m/fpu/crtbegin.o
                0x08002c48                PROVIDE (__init_array_end, .)

.fini_array     0x08002c48        0x4
                [!provide]                PROVIDE (__fini_array_start, .)
 *(SORT(.fini_array.*))
 *(.fini_array*)
 .fini_array    0x08002c48        0x4 c:/program files (x86)/atollic/truestudio for stm32 9.2.0/armtools/bin/../lib/gcc/arm-atollic-eabi/6.3.1/armv7e-m/fpu/crtbegin.o
                [!provide]                PROVIDE (__fini_array_end, .)
                0x08002c4c                _sidata = LOADADDR (.data)

.data           0x20000000        0xc load address 0x08002c4c
                0x20000000                . = ALIGN (0x4)
                0x20000000                _sdata = .
 *(.data)
 *(.data*)
 .data.uwTickFreq
                0x20000000        0x1 Drivers\STM32F4xx_HAL_Driver\Src\stm32f4xx_hal.o
                0x20000000                uwTickFreq
 *fill*         0x20000001        0x3 
 .data.uxCriticalNesting
                0x20000004        0x4 Middlewares\Third_Party\FreeRTOS\Source\portable\GCC\ARM_CM4F\port.o
 .data.SystemCoreClock
                0x20000008        0x4 Src\system_stm32f4xx.o
                0x20000008                SystemCoreClock
                0x2000000c                . = ALIGN (0x4)
                0x2000000c                _edata = .
                0x08002c58                _siccmram = LOADADDR (.ccmram)

.igot.plt       0x2000000c        0x0 load address 0x08002c58
 .igot.plt      0x2000000c        0x0 c:/program files (x86)/atollic/truestudio for stm32 9.2.0/armtools/bin/../lib/gcc/arm-atollic-eabi/6.3.1/armv7e-m/fpu/crtbegin.o

.ccmram         0x10000000        0x0 load address 0x08002c58
                0x10000000                . = ALIGN (0x4)
                0x10000000                _sccmram = .
 *(.ccmram)
 *(.ccmram*)
                0x10000000                . = ALIGN (0x4)
                0x10000000                _eccmram = .
                0x10000000                . = ALIGN (0x4)

.bss            0x2000000c     0x3db8
                0x2000000c                _sbss = .
                0x2000000c                __bss_start__ = _sbss
 *(.bss)
 .bss           0x2000000c       0x1c c:/program files (x86)/atollic/truestudio for stm32 9.2.0/armtools/bin/../lib/gcc/arm-atollic-eabi/6.3.1/armv7e-m/fpu/crtbegin.o
 *(.bss*)
 .bss.ucMaxSysCallPriority
                0x20000028        0x1 Middlewares\Third_Party\FreeRTOS\Source\portable\GCC\ARM_CM4F\port.o
 *fill*         0x20000029        0x3 
 .bss.ulMaxPRIGROUPValue
                0x2000002c        0x4 Middlewares\Third_Party\FreeRTOS\Source\portable\GCC\ARM_CM4F\port.o
 .bss.pxEnd     0x20000030        0x4 Middlewares\Third_Party\FreeRTOS\Source\portable\MemMang\heap_4.o
 .bss.ucHeap    0x20000034     0x3c00 Middlewares\Third_Party\FreeRTOS\Source\portable\MemMang\heap_4.o
 .bss.xBlockAllocatedBit
                0x20003c34        0x4 Middlewares\Third_Party\FreeRTOS\Source\portable\MemMang\heap_4.o
 .bss.xFreeBytesRemaining
                0x20003c38        0x4 Middlewares\Third_Party\FreeRTOS\Source\portable\MemMang\heap_4.o
 .bss.xMinimumEverFreeBytesRemaining
                0x20003c3c        0x4 Middlewares\Third_Party\FreeRTOS\Source\portable\MemMang\heap_4.o
 .bss.xStart    0x20003c40        0x8 Middlewares\Third_Party\FreeRTOS\Source\portable\MemMang\heap_4.o
 .bss.pxCurrentTCB
                0x20003c48        0x4 Middlewares\Third_Party\FreeRTOS\Source\tasks.o
                0x20003c48                pxCurrentTCB
 .bss.pxDelayedTaskList
                0x20003c4c        0x4 Middlewares\Third_Party\FreeRTOS\Source\tasks.o
 .bss.pxOverflowDelayedTaskList
                0x20003c50        0x4 Middlewares\Third_Party\FreeRTOS\Source\tasks.o
 .bss.pxReadyTasksLists
                0x20003c54       0x8c Middlewares\Third_Party\FreeRTOS\Source\tasks.o
 .bss.uxCurrentNumberOfTasks
                0x20003ce0        0x4 Middlewares\Third_Party\FreeRTOS\Source\tasks.o
 .bss.uxDeletedTasksWaitingCleanUp
                0x20003ce4        0x4 Middlewares\Third_Party\FreeRTOS\Source\tasks.o
 .bss.uxPendedTicks
                0x20003ce8        0x4 Middlewares\Third_Party\FreeRTOS\Source\tasks.o
 .bss.uxSchedulerSuspended
                0x20003cec        0x4 Middlewares\Third_Party\FreeRTOS\Source\tasks.o
 .bss.uxTaskNumber
                0x20003cf0        0x4 Middlewares\Third_Party\FreeRTOS\Source\tasks.o
 .bss.uxTopReadyPriority
                0x20003cf4        0x4 Middlewares\Third_Party\FreeRTOS\Source\tasks.o
 .bss.xDelayedTaskList1
                0x20003cf8       0x14 Middlewares\Third_Party\FreeRTOS\Source\tasks.o
 .bss.xDelayedTaskList2
                0x20003d0c       0x14 Middlewares\Third_Party\FreeRTOS\Source\tasks.o
 .bss.xIdleTaskHandle
                0x20003d20        0x4 Middlewares\Third_Party\FreeRTOS\Source\tasks.o
 .bss.xNextTaskUnblockTime
                0x20003d24        0x4 Middlewares\Third_Party\FreeRTOS\Source\tasks.o
 .bss.xNumOfOverflows
                0x20003d28        0x4 Middlewares\Third_Party\FreeRTOS\Source\tasks.o
 .bss.xPendingReadyList
                0x20003d2c       0x14 Middlewares\Third_Party\FreeRTOS\Source\tasks.o
 .bss.xSchedulerRunning
                0x20003d40        0x4 Middlewares\Third_Party\FreeRTOS\Source\tasks.o
 .bss.xSuspendedTaskList
                0x20003d44       0x14 Middlewares\Third_Party\FreeRTOS\Source\tasks.o
 .bss.xTasksWaitingTermination
                0x20003d58       0x14 Middlewares\Third_Party\FreeRTOS\Source\tasks.o
 .bss.xTickCount
                0x20003d6c        0x4 Middlewares\Third_Party\FreeRTOS\Source\tasks.o
 .bss.xYieldPending
                0x20003d70        0x4 Middlewares\Third_Party\FreeRTOS\Source\tasks.o
 *(COMMON)
 COMMON         0x20003d74        0x4 Drivers\STM32F4xx_HAL_Driver\Src\stm32f4xx_hal.o
                0x20003d74                uwTick
 COMMON         0x20003d78        0xc Src\main.o
                0x20003d78                defaultTaskHandle
                0x20003d7c                Led01TaskHandle
                0x20003d80                semaphore01Handle
 COMMON         0x20003d84       0x40 Src\stm32f4xx_hal_timebase_tim.o
                0x20003d84                htim2
                0x20003dc4                . = ALIGN (0x4)
                0x20003dc4                _ebss = .
                0x20003dc4                __bss_end__ = _ebss

._user_heap_stack
                0x20003dc4      0x600
                0x20003dc4                . = ALIGN (0x4)
                0x20003dc4                PROVIDE (end, .)
                [!provide]                PROVIDE (_end, .)
                0x20003fc4                . = (. + _Min_Heap_Size)
 *fill*         0x20003dc4      0x200 
                0x200043c4                . = (. + _Min_Stack_Size)
 *fill*         0x20003fc4      0x400 
                0x200043c4                . = ALIGN (0x4)

/DISCARD/
 libc.a(*)
 libm.a(*)
 libgcc.a(*)

.ARM.attributes
                0x00000000       0x30
 *(.ARM.attributes)
 .ARM.attributes
                0x00000000       0x22 c:/program files (x86)/atollic/truestudio for stm32 9.2.0/armtools/bin/../lib/gcc/arm-atollic-eabi/6.3.1/armv7e-m/fpu/crti.o
 .ARM.attributes
                0x00000022       0x34 c:/program files (x86)/atollic/truestudio for stm32 9.2.0/armtools/bin/../lib/gcc/arm-atollic-eabi/6.3.1/armv7e-m/fpu/crtbegin.o
 .ARM.attributes
                0x00000056       0x39 Drivers\STM32F4xx_HAL_Driver\Src\stm32f4xx_hal.o
 .ARM.attributes
                0x0000008f       0x39 Drivers\STM32F4xx_HAL_Driver\Src\stm32f4xx_hal_cortex.o
 .ARM.attributes
                0x000000c8       0x39 Drivers\STM32F4xx_HAL_Driver\Src\stm32f4xx_hal_gpio.o
 .ARM.attributes
                0x00000101       0x39 Drivers\STM32F4xx_HAL_Driver\Src\stm32f4xx_hal_rcc.o
 .ARM.attributes
                0x0000013a       0x39 Drivers\STM32F4xx_HAL_Driver\Src\stm32f4xx_hal_tim.o
 .ARM.attributes
                0x00000173       0x39 Drivers\STM32F4xx_HAL_Driver\Src\stm32f4xx_hal_tim_ex.o
 .ARM.attributes
                0x000001ac       0x39 Middlewares\Third_Party\FreeRTOS\Source\CMSIS_RTOS\cmsis_os.o
 .ARM.attributes
                0x000001e5       0x39 Middlewares\Third_Party\FreeRTOS\Source\list.o
 .ARM.attributes
                0x0000021e       0x39 Middlewares\Third_Party\FreeRTOS\Source\portable\GCC\ARM_CM4F\port.o
 .ARM.attributes
                0x00000257       0x39 Middlewares\Third_Party\FreeRTOS\Source\portable\MemMang\heap_4.o
 .ARM.attributes
                0x00000290       0x39 Middlewares\Third_Party\FreeRTOS\Source\queue.o
 .ARM.attributes
                0x000002c9       0x39 Middlewares\Third_Party\FreeRTOS\Source\tasks.o
 .ARM.attributes
                0x00000302       0x39 Src\main.o
 .ARM.attributes
                0x0000033b       0x39 Src\stm32f4xx_hal_msp.o
 .ARM.attributes
                0x00000374       0x39 Src\stm32f4xx_hal_timebase_tim.o
 .ARM.attributes
                0x000003ad       0x39 Src\stm32f4xx_it.o
 .ARM.attributes
                0x000003e6       0x39 Src\system_stm32f4xx.o
 .ARM.attributes
                0x0000041f       0x21 startup\startup_stm32f407xx.o
 .ARM.attributes
                0x00000440       0x34 c:/program files (x86)/atollic/truestudio for stm32 9.2.0/armtools/bin/../lib/gcc/arm-atollic-eabi/6.3.1/../../../../arm-atollic-eabi/lib/armv7e-m/fpu\libc_nano.a(lib_a-init.o)
 .ARM.attributes
                0x00000474       0x34 c:/program files (x86)/atollic/truestudio for stm32 9.2.0/armtools/bin/../lib/gcc/arm-atollic-eabi/6.3.1/../../../../arm-atollic-eabi/lib/armv7e-m/fpu\libc_nano.a(lib_a-memcpy-stub.o)
 .ARM.attributes
                0x000004a8       0x34 c:/program files (x86)/atollic/truestudio for stm32 9.2.0/armtools/bin/../lib/gcc/arm-atollic-eabi/6.3.1/../../../../arm-atollic-eabi/lib/armv7e-m/fpu\libc_nano.a(lib_a-memset.o)
 .ARM.attributes
                0x000004dc       0x22 c:/program files (x86)/atollic/truestudio for stm32 9.2.0/armtools/bin/../lib/gcc/arm-atollic-eabi/6.3.1/armv7e-m/fpu\libgcc.a(_aeabi_uldivmod.o)
 .ARM.attributes
                0x000004fe       0x34 c:/program files (x86)/atollic/truestudio for stm32 9.2.0/armtools/bin/../lib/gcc/arm-atollic-eabi/6.3.1/armv7e-m/fpu\libgcc.a(_udivmoddi4.o)
 .ARM.attributes
                0x00000532       0x22 c:/program files (x86)/atollic/truestudio for stm32 9.2.0/armtools/bin/../lib/gcc/arm-atollic-eabi/6.3.1/armv7e-m/fpu\libgcc.a(_dvmd_tls.o)
 .ARM.attributes
                0x00000554       0x22 c:/program files (x86)/atollic/truestudio for stm32 9.2.0/armtools/bin/../lib/gcc/arm-atollic-eabi/6.3.1/armv7e-m/fpu/crtn.o
OUTPUT(lesson-1.elf elf32-littlearm)

.debug_info     0x00000000    0x1342b
 .debug_info    0x00000000      0x9ef Drivers\STM32F4xx_HAL_Driver\Src\stm32f4xx_hal.o
 .debug_info    0x000009ef      0xf39 Drivers\STM32F4xx_HAL_Driver\Src\stm32f4xx_hal_cortex.o
 .debug_info    0x00001928      0x775 Drivers\STM32F4xx_HAL_Driver\Src\stm32f4xx_hal_gpio.o
 .debug_info    0x0000209d      0xa57 Drivers\STM32F4xx_HAL_Driver\Src\stm32f4xx_hal_rcc.o
 .debug_info    0x00002af4     0x34cf Drivers\STM32F4xx_HAL_Driver\Src\stm32f4xx_hal_tim.o
 .debug_info    0x00005fc3     0x12fe Drivers\STM32F4xx_HAL_Driver\Src\stm32f4xx_hal_tim_ex.o
 .debug_info    0x000072c1     0x250d Middlewares\Third_Party\FreeRTOS\Source\CMSIS_RTOS\cmsis_os.o
 .debug_info    0x000097ce      0xac5 Middlewares\Third_Party\FreeRTOS\Source\list.o
 .debug_info    0x0000a293      0x572 Middlewares\Third_Party\FreeRTOS\Source\portable\GCC\ARM_CM4F\port.o
 .debug_info    0x0000a805      0xca5 Middlewares\Third_Party\FreeRTOS\Source\portable\MemMang\heap_4.o
 .debug_info    0x0000b4aa     0x24b0 Middlewares\Third_Party\FreeRTOS\Source\queue.o
 .debug_info    0x0000d95a     0x2a87 Middlewares\Third_Party\FreeRTOS\Source\tasks.o
 .debug_info    0x000103e1     0x12ba Src\main.o
 .debug_info    0x0001169b      0x59e Src\stm32f4xx_hal_msp.o
 .debug_info    0x00011c39      0xba0 Src\stm32f4xx_hal_timebase_tim.o
 .debug_info    0x000127d9      0x6cf Src\stm32f4xx_it.o
 .debug_info    0x00012ea8      0x50a Src\system_stm32f4xx.o
 .debug_info    0x000133b2       0x79 startup\startup_stm32f407xx.o

.debug_abbrev   0x00000000     0x2c34
 .debug_abbrev  0x00000000      0x23d Drivers\STM32F4xx_HAL_Driver\Src\stm32f4xx_hal.o
 .debug_abbrev  0x0000023d      0x314 Drivers\STM32F4xx_HAL_Driver\Src\stm32f4xx_hal_cortex.o
 .debug_abbrev  0x00000551      0x1ef Drivers\STM32F4xx_HAL_Driver\Src\stm32f4xx_hal_gpio.o
 .debug_abbrev  0x00000740      0x2cb Drivers\STM32F4xx_HAL_Driver\Src\stm32f4xx_hal_rcc.o
 .debug_abbrev  0x00000a0b      0x324 Drivers\STM32F4xx_HAL_Driver\Src\stm32f4xx_hal_tim.o
 .debug_abbrev  0x00000d2f      0x29c Drivers\STM32F4xx_HAL_Driver\Src\stm32f4xx_hal_tim_ex.o
 .debug_abbrev  0x00000fcb      0x450 Middlewares\Third_Party\FreeRTOS\Source\CMSIS_RTOS\cmsis_os.o
 .debug_abbrev  0x0000141b      0x1ea Middlewares\Third_Party\FreeRTOS\Source\list.o
 .debug_abbrev  0x00001605      0x23a Middlewares\Third_Party\FreeRTOS\Source\portable\GCC\ARM_CM4F\port.o
 .debug_abbrev  0x0000183f      0x314 Middlewares\Third_Party\FreeRTOS\Source\portable\MemMang\heap_4.o
 .debug_abbrev  0x00001b53      0x3d2 Middlewares\Third_Party\FreeRTOS\Source\queue.o
 .debug_abbrev  0x00001f25      0x413 Middlewares\Third_Party\FreeRTOS\Source\tasks.o
 .debug_abbrev  0x00002338      0x2e2 Src\main.o
 .debug_abbrev  0x0000261a      0x144 Src\stm32f4xx_hal_msp.o
 .debug_abbrev  0x0000275e      0x1e7 Src\stm32f4xx_hal_timebase_tim.o
 .debug_abbrev  0x00002945      0x1cf Src\stm32f4xx_it.o
 .debug_abbrev  0x00002b14      0x10e Src\system_stm32f4xx.o
 .debug_abbrev  0x00002c22       0x12 startup\startup_stm32f407xx.o

.debug_loc      0x00000000     0x815e
 .debug_loc     0x00000000      0x11b Drivers\STM32F4xx_HAL_Driver\Src\stm32f4xx_hal.o
 .debug_loc     0x0000011b      0x4fb Drivers\STM32F4xx_HAL_Driver\Src\stm32f4xx_hal_cortex.o
 .debug_loc     0x00000616      0x36d Drivers\STM32F4xx_HAL_Driver\Src\stm32f4xx_hal_gpio.o
 .debug_loc     0x00000983      0x336 Drivers\STM32F4xx_HAL_Driver\Src\stm32f4xx_hal_rcc.o
 .debug_loc     0x00000cb9     0x3009 Drivers\STM32F4xx_HAL_Driver\Src\stm32f4xx_hal_tim.o
 .debug_loc     0x00003cc2      0xa7c Drivers\STM32F4xx_HAL_Driver\Src\stm32f4xx_hal_tim_ex.o
 .debug_loc     0x0000473e      0xf6f Middlewares\Third_Party\FreeRTOS\Source\CMSIS_RTOS\cmsis_os.o
 .debug_loc     0x000056ad       0x94 Middlewares\Third_Party\FreeRTOS\Source\list.o
 .debug_loc     0x00005741       0xcf Middlewares\Third_Party\FreeRTOS\Source\portable\GCC\ARM_CM4F\port.o
 .debug_loc     0x00005810      0x390 Middlewares\Third_Party\FreeRTOS\Source\portable\MemMang\heap_4.o
 .debug_loc     0x00005ba0      0xfbd Middlewares\Third_Party\FreeRTOS\Source\queue.o
 .debug_loc     0x00006b5d     0x13b1 Middlewares\Third_Party\FreeRTOS\Source\tasks.o
 .debug_loc     0x00007f0e       0x8f Src\main.o
 .debug_loc     0x00007f9d       0xa5 Src\stm32f4xx_hal_timebase_tim.o
 .debug_loc     0x00008042      0x11c Src\system_stm32f4xx.o

.debug_aranges  0x00000000      0xc08
 .debug_aranges
                0x00000000       0xe8 Drivers\STM32F4xx_HAL_Driver\Src\stm32f4xx_hal.o
 .debug_aranges
                0x000000e8       0xa8 Drivers\STM32F4xx_HAL_Driver\Src\stm32f4xx_hal_cortex.o
 .debug_aranges
                0x00000190       0x58 Drivers\STM32F4xx_HAL_Driver\Src\stm32f4xx_hal_gpio.o
 .debug_aranges
                0x000001e8       0x88 Drivers\STM32F4xx_HAL_Driver\Src\stm32f4xx_hal_rcc.o
 .debug_aranges
                0x00000270      0x278 Drivers\STM32F4xx_HAL_Driver\Src\stm32f4xx_hal_tim.o
 .debug_aranges
                0x000004e8       0xf8 Drivers\STM32F4xx_HAL_Driver\Src\stm32f4xx_hal_tim_ex.o
 .debug_aranges
                0x000005e0      0x190 Middlewares\Third_Party\FreeRTOS\Source\CMSIS_RTOS\cmsis_os.o
 .debug_aranges
                0x00000770       0x40 Middlewares\Third_Party\FreeRTOS\Source\list.o
 .debug_aranges
                0x000007b0       0x80 Middlewares\Third_Party\FreeRTOS\Source\portable\GCC\ARM_CM4F\port.o
 .debug_aranges
                0x00000830       0x48 Middlewares\Third_Party\FreeRTOS\Source\portable\MemMang\heap_4.o
 .debug_aranges
                0x00000878       0xd8 Middlewares\Third_Party\FreeRTOS\Source\queue.o
 .debug_aranges
                0x00000950      0x178 Middlewares\Third_Party\FreeRTOS\Source\tasks.o
 .debug_aranges
                0x00000ac8       0x50 Src\main.o
 .debug_aranges
                0x00000b18       0x20 Src\stm32f4xx_hal_msp.o
 .debug_aranges
                0x00000b38       0x30 Src\stm32f4xx_hal_timebase_tim.o
 .debug_aranges
                0x00000b68       0x50 Src\stm32f4xx_it.o
 .debug_aranges
                0x00000bb8       0x28 Src\system_stm32f4xx.o
 .debug_aranges
                0x00000be0       0x28 startup\startup_stm32f407xx.o

.debug_ranges   0x00000000      0xf70
 .debug_ranges  0x00000000       0xd8 Drivers\STM32F4xx_HAL_Driver\Src\stm32f4xx_hal.o
 .debug_ranges  0x000000d8      0x128 Drivers\STM32F4xx_HAL_Driver\Src\stm32f4xx_hal_cortex.o
 .debug_ranges  0x00000200       0x68 Drivers\STM32F4xx_HAL_Driver\Src\stm32f4xx_hal_gpio.o
 .debug_ranges  0x00000268       0xb0 Drivers\STM32F4xx_HAL_Driver\Src\stm32f4xx_hal_rcc.o
 .debug_ranges  0x00000318      0x340 Drivers\STM32F4xx_HAL_Driver\Src\stm32f4xx_hal_tim.o
 .debug_ranges  0x00000658       0xe8 Drivers\STM32F4xx_HAL_Driver\Src\stm32f4xx_hal_tim_ex.o
 .debug_ranges  0x00000740      0x180 Middlewares\Third_Party\FreeRTOS\Source\CMSIS_RTOS\cmsis_os.o
 .debug_ranges  0x000008c0       0x30 Middlewares\Third_Party\FreeRTOS\Source\list.o
 .debug_ranges  0x000008f0       0x70 Middlewares\Third_Party\FreeRTOS\Source\portable\GCC\ARM_CM4F\port.o
 .debug_ranges  0x00000960       0x38 Middlewares\Third_Party\FreeRTOS\Source\portable\MemMang\heap_4.o
 .debug_ranges  0x00000998      0x1f0 Middlewares\Third_Party\FreeRTOS\Source\queue.o
 .debug_ranges  0x00000b88      0x278 Middlewares\Third_Party\FreeRTOS\Source\tasks.o
 .debug_ranges  0x00000e00       0x90 Src\main.o
 .debug_ranges  0x00000e90       0x28 Src\stm32f4xx_hal_msp.o
 .debug_ranges  0x00000eb8       0x40 Src\stm32f4xx_hal_timebase_tim.o
 .debug_ranges  0x00000ef8       0x40 Src\stm32f4xx_it.o
 .debug_ranges  0x00000f38       0x18 Src\system_stm32f4xx.o
 .debug_ranges  0x00000f50       0x20 startup\startup_stm32f407xx.o

.debug_line     0x00000000     0x5f56
 .debug_line    0x00000000      0x41b Drivers\STM32F4xx_HAL_Driver\Src\stm32f4xx_hal.o
 .debug_line    0x0000041b      0x456 Drivers\STM32F4xx_HAL_Driver\Src\stm32f4xx_hal_cortex.o
 .debug_line    0x00000871      0x3e4 Drivers\STM32F4xx_HAL_Driver\Src\stm32f4xx_hal_gpio.o
 .debug_line    0x00000c55      0x4f4 Drivers\STM32F4xx_HAL_Driver\Src\stm32f4xx_hal_rcc.o
 .debug_line    0x00001149     0x1183 Drivers\STM32F4xx_HAL_Driver\Src\stm32f4xx_hal_tim.o
 .debug_line    0x000022cc      0x67d Drivers\STM32F4xx_HAL_Driver\Src\stm32f4xx_hal_tim_ex.o
 .debug_line    0x00002949      0x8ce Middlewares\Third_Party\FreeRTOS\Source\CMSIS_RTOS\cmsis_os.o
 .debug_line    0x00003217      0x367 Middlewares\Third_Party\FreeRTOS\Source\list.o
 .debug_line    0x0000357e      0x36b Middlewares\Third_Party\FreeRTOS\Source\portable\GCC\ARM_CM4F\port.o
 .debug_line    0x000038e9      0x415 Middlewares\Third_Party\FreeRTOS\Source\portable\MemMang\heap_4.o
 .debug_line    0x00003cfe      0x90e Middlewares\Third_Party\FreeRTOS\Source\queue.o
 .debug_line    0x0000460c      0xc04 Middlewares\Third_Party\FreeRTOS\Source\tasks.o
 .debug_line    0x00005210      0x3df Src\main.o
 .debug_line    0x000055ef      0x1f1 Src\stm32f4xx_hal_msp.o
 .debug_line    0x000057e0      0x290 Src\stm32f4xx_hal_timebase_tim.o
 .debug_line    0x00005a70      0x289 Src\stm32f4xx_it.o
 .debug_line    0x00005cf9      0x1de Src\system_stm32f4xx.o
 .debug_line    0x00005ed7       0x7f startup\startup_stm32f407xx.o

.debug_str      0x00000000     0x4f6f
 .debug_str     0x00000000      0xb4d Drivers\STM32F4xx_HAL_Driver\Src\stm32f4xx_hal.o
                                0xbb6 (size before relaxing)
 .debug_str     0x00000b4d      0x498 Drivers\STM32F4xx_HAL_Driver\Src\stm32f4xx_hal_cortex.o
                                0xc81 (size before relaxing)
 .debug_str     0x00000fe5      0x1de Drivers\STM32F4xx_HAL_Driver\Src\stm32f4xx_hal_gpio.o
                                0x547 (size before relaxing)
 .debug_str     0x000011c3      0x2e9 Drivers\STM32F4xx_HAL_Driver\Src\stm32f4xx_hal_rcc.o
                                0x71a (size before relaxing)
 .debug_str     0x000014ac     0x1231 Drivers\STM32F4xx_HAL_Driver\Src\stm32f4xx_hal_tim.o
                               0x1524 (size before relaxing)
 .debug_str     0x000026dd      0x548 Drivers\STM32F4xx_HAL_Driver\Src\stm32f4xx_hal_tim_ex.o
                                0xd3c (size before relaxing)
 .debug_str     0x00002c25      0xf38 Middlewares\Third_Party\FreeRTOS\Source\CMSIS_RTOS\cmsis_os.o
                               0x121b (size before relaxing)
 .debug_str     0x00003b5d      0x159 Middlewares\Third_Party\FreeRTOS\Source\list.o
                                0x754 (size before relaxing)
 .debug_str     0x00003cb6      0x239 Middlewares\Third_Party\FreeRTOS\Source\portable\GCC\ARM_CM4F\port.o
                                0x49a (size before relaxing)
 .debug_str     0x00003eef      0x1e8 Middlewares\Third_Party\FreeRTOS\Source\portable\MemMang\heap_4.o
                                0x83d (size before relaxing)
 .debug_str     0x000040d7      0x510 Middlewares\Third_Party\FreeRTOS\Source\queue.o
                                0xe08 (size before relaxing)
 .debug_str     0x000045e7      0x746 Middlewares\Third_Party\FreeRTOS\Source\tasks.o
                               0x12e1 (size before relaxing)
 .debug_str     0x00004d2d       0xe7 Src\main.o
                               0x1261 (size before relaxing)
 .debug_str     0x00004e14       0x1b Src\stm32f4xx_hal_msp.o
                                0x845 (size before relaxing)
 .debug_str     0x00004e2f       0x50 Src\stm32f4xx_hal_timebase_tim.o
                                0xdb2 (size before relaxing)
 .debug_str     0x00004e7f       0xab Src\stm32f4xx_it.o
                                0x71a (size before relaxing)
 .debug_str     0x00004f2a       0x45 Src\system_stm32f4xx.o
                                0x3ab (size before relaxing)

.comment        0x00000000       0x7c
 .comment       0x00000000       0x7c Drivers\STM32F4xx_HAL_Driver\Src\stm32f4xx_hal.o
                                 0x7d (size before relaxing)
 .comment       0x0000007c       0x7d Drivers\STM32F4xx_HAL_Driver\Src\stm32f4xx_hal_cortex.o
 .comment       0x0000007c       0x7d Drivers\STM32F4xx_HAL_Driver\Src\stm32f4xx_hal_gpio.o
 .comment       0x0000007c       0x7d Drivers\STM32F4xx_HAL_Driver\Src\stm32f4xx_hal_rcc.o
 .comment       0x0000007c       0x7d Drivers\STM32F4xx_HAL_Driver\Src\stm32f4xx_hal_tim.o
 .comment       0x0000007c       0x7d Drivers\STM32F4xx_HAL_Driver\Src\stm32f4xx_hal_tim_ex.o
 .comment       0x0000007c       0x7d Middlewares\Third_Party\FreeRTOS\Source\CMSIS_RTOS\cmsis_os.o
 .comment       0x0000007c       0x7d Middlewares\Third_Party\FreeRTOS\Source\list.o
 .comment       0x0000007c       0x7d Middlewares\Third_Party\FreeRTOS\Source\portable\GCC\ARM_CM4F\port.o
 .comment       0x0000007c       0x7d Middlewares\Third_Party\FreeRTOS\Source\portable\MemMang\heap_4.o
 .comment       0x0000007c       0x7d Middlewares\Third_Party\FreeRTOS\Source\queue.o
 .comment       0x0000007c       0x7d Middlewares\Third_Party\FreeRTOS\Source\tasks.o
 .comment       0x0000007c       0x7d Src\main.o
 .comment       0x0000007c       0x7d Src\stm32f4xx_hal_msp.o
 .comment       0x0000007c       0x7d Src\stm32f4xx_hal_timebase_tim.o
 .comment       0x0000007c       0x7d Src\stm32f4xx_it.o
 .comment       0x0000007c       0x7d Src\system_stm32f4xx.o

.debug_frame    0x00000000     0x2330
 .debug_frame   0x00000000      0x1f0 Drivers\STM32F4xx_HAL_Driver\Src\stm32f4xx_hal.o
 .debug_frame   0x000001f0      0x158 Drivers\STM32F4xx_HAL_Driver\Src\stm32f4xx_hal_cortex.o
 .debug_frame   0x00000348       0xd8 Drivers\STM32F4xx_HAL_Driver\Src\stm32f4xx_hal_gpio.o
 .debug_frame   0x00000420      0x13c Drivers\STM32F4xx_HAL_Driver\Src\stm32f4xx_hal_rcc.o
 .debug_frame   0x0000055c      0x928 Drivers\STM32F4xx_HAL_Driver\Src\stm32f4xx_hal_tim.o
 .debug_frame   0x00000e84      0x360 Drivers\STM32F4xx_HAL_Driver\Src\stm32f4xx_hal_tim_ex.o
 .debug_frame   0x000011e4      0x4d4 Middlewares\Third_Party\FreeRTOS\Source\CMSIS_RTOS\cmsis_os.o
 .debug_frame   0x000016b8       0x6c Middlewares\Third_Party\FreeRTOS\Source\list.o
 .debug_frame   0x00001724       0xfc Middlewares\Third_Party\FreeRTOS\Source\portable\GCC\ARM_CM4F\port.o
 .debug_frame   0x00001820       0x98 Middlewares\Third_Party\FreeRTOS\Source\portable\MemMang\heap_4.o
 .debug_frame   0x000018b8      0x2d0 Middlewares\Third_Party\FreeRTOS\Source\queue.o
 .debug_frame   0x00001b88      0x4c8 Middlewares\Third_Party\FreeRTOS\Source\tasks.o
 .debug_frame   0x00002050       0xb4 Src\main.o
 .debug_frame   0x00002104       0x2c Src\stm32f4xx_hal_msp.o
 .debug_frame   0x00002130       0x54 Src\stm32f4xx_hal_timebase_tim.o
 .debug_frame   0x00002184       0xa0 Src\stm32f4xx_it.o
 .debug_frame   0x00002224       0x38 Src\system_stm32f4xx.o
 .debug_frame   0x0000225c       0x2c c:/program files (x86)/atollic/truestudio for stm32 9.2.0/armtools/bin/../lib/gcc/arm-atollic-eabi/6.3.1/../../../../arm-atollic-eabi/lib/armv7e-m/fpu\libc_nano.a(lib_a-init.o)
 .debug_frame   0x00002288       0x28 c:/program files (x86)/atollic/truestudio for stm32 9.2.0/armtools/bin/../lib/gcc/arm-atollic-eabi/6.3.1/../../../../arm-atollic-eabi/lib/armv7e-m/fpu\libc_nano.a(lib_a-memcpy-stub.o)
 .debug_frame   0x000022b0       0x20 c:/program files (x86)/atollic/truestudio for stm32 9.2.0/armtools/bin/../lib/gcc/arm-atollic-eabi/6.3.1/../../../../arm-atollic-eabi/lib/armv7e-m/fpu\libc_nano.a(lib_a-memset.o)
 .debug_frame   0x000022d0       0x2c c:/program files (x86)/atollic/truestudio for stm32 9.2.0/armtools/bin/../lib/gcc/arm-atollic-eabi/6.3.1/armv7e-m/fpu\libgcc.a(_aeabi_uldivmod.o)
 .debug_frame   0x000022fc       0x34 c:/program files (x86)/atollic/truestudio for stm32 9.2.0/armtools/bin/../lib/gcc/arm-atollic-eabi/6.3.1/armv7e-m/fpu\libgcc.a(_udivmoddi4.o)
