main.cpp:80:5:int main()	104	static
main.cpp:170:6:void SystemClock_Config()	88	static
main.cpp:214:13:void MX_GPIO_Init()	32	static
main.cpp:244:6:void StartDefaultTask(const void*)	16	static
main.cpp:263:6:void vLed01Task(const void*)	16	static
main.cpp:298:6:void vLed02Task(const void*)	16	static
main.cpp:337:6:void vLed03Task(const void*)	16	static
main.cpp:376:6:void HAL_TIM_PeriodElapsedCallback(TIM_HandleTypeDef*)	16	static
main.cpp:393:6:void Error_Handler()	4	static
main.cpp:399:1:void __static_initialization_and_destruction_0(int, int)	16	static
main.cpp:399:1:cpp)	8	static
